// Jest Snapshot v1, https://goo.gl/fbAQLP

exports[`Login Icon View snapshot should match snapshot 1`] = `
<div
  class="ga__signup_icon_view"
>
  <v-row
    class="ga__signup_icon_view__title_row"
  >
    <v-btn
      color="teal darken-2"
      outlined=""
    >
      
        Go Back To Choose IPASS
        
      <fa-icon
        class="ml-2"
        color="#00796B"
        icon="fa-solid fa-arrow-rotate-left"
        size="lg"
      />
    </v-btn>
  </v-row>
   
  <v-row
    align-content="center"
    class="ga__signup_icon_view__title"
    justify="center"
  >
    <v-col
      cols="12"
    >
      <div
        class="text-overline white--text text--darken-1 ga__signup_icon_view__title__text"
      >
        
          Signup
        
      </div>
    </v-col>
  </v-row>
   
  <v-row
    class="ga__signup_icon_view__content"
  >
    <v-col
      cols="12"
      lg="6"
    >
      <v-form>
        <v-row
          class="ga__signup_icon_view__form_row"
          justify="center"
        >
          <v-col
            class="ga__signup_icon_view__form_col"
            cols="8"
          >
            <v-text-field
              class="ga__signup_icon_view__form_field"
              color="teal"
              counter="20"
              dark=""
              filled=""
              label="first and last name"
              required=""
              rules="(v) => {
          /* istanbul ignore next */
          cov_203uahwopn().f[2]++;
          cov_203uahwopn().s[12]++;
          return (
            /* istanbul ignore next */
            (cov_203uahwopn().b[0][0]++, !!v) ||
            /* istanbul ignore next */
            (cov_203uahwopn().b[0][1]++, \\"name is required\\")
          );
        },(v) => {
          /* istanbul ignore next */
          cov_203uahwopn().f[3]++;
          cov_203uahwopn().s[13]++;
          return (
            /* istanbul ignore next */
            (cov_203uahwopn().b[1][0]++, v.length <= 20) ||
            /* istanbul ignore next */
            (cov_203uahwopn().b[1][1]++, \\"the name must be less than 20 characters\\")
          );
        }"
            />
          </v-col>
        </v-row>
         
        <v-row
          class="ga__signup_icon_view__form_row"
          justify="center"
        >
          <v-col
            class="ga__signup_icon_view__form_col"
            cols="8"
          >
            <v-text-field
              class="ga__signup_icon_view__form_field"
              color="teal"
              counter="10"
              dark=""
              filled=""
              label="user name"
              required=""
              rules="(v) => {
          /* istanbul ignore next */
          cov_203uahwopn().f[4]++;
          cov_203uahwopn().s[14]++;
          return (
            /* istanbul ignore next */
            (cov_203uahwopn().b[2][0]++, !!v) ||
            /* istanbul ignore next */
            (cov_203uahwopn().b[2][1]++, \\"username is required\\")
          );
        },(v) => {
          /* istanbul ignore next */
          cov_203uahwopn().f[5]++;
          cov_203uahwopn().s[15]++;
          return (
            /* istanbul ignore next */
            (cov_203uahwopn().b[3][0]++, v.length <= 10) ||
            /* istanbul ignore next */
            (cov_203uahwopn().b[3][1]++, \\"username must be less than 10 characters\\")
          );
        }"
            />
          </v-col>
        </v-row>
         
        <v-row
          class="ga__signup_icon_view__form_row"
          justify="center"
        >
          <v-col
            class="ga__signup_icon_view__form_col"
            cols="8"
          >
            <v-text-field
              class="ga__signup_icon_view__form_field"
              color="teal"
              dark=""
              filled=""
              label="email"
              required=""
              rules="(v) => {
          /* istanbul ignore next */
          cov_203uahwopn().f[6]++;
          cov_203uahwopn().s[16]++;
          return (
            /* istanbul ignore next */
            (cov_203uahwopn().b[4][0]++, !!v) ||
            /* istanbul ignore next */
            (cov_203uahwopn().b[4][1]++, \\"e-mail is required\\")
          );
        },(v) => {
          /* istanbul ignore next */
          cov_203uahwopn().f[7]++;
          cov_203uahwopn().s[17]++;
          return (
            /* istanbul ignore next */
            (cov_203uahwopn().b[5][0]++, /.+@.+/.test(v)) ||
            /* istanbul ignore next */
            (cov_203uahwopn().b[5][1]++, \\"e-mail must be valid\\")
          );
        }"
            />
          </v-col>
        </v-row>
         
        <v-row
          class="ga__signup_icon_view__form_row"
          justify="center"
        >
          <v-col
            class="ga__signup_icon_view__form_col"
            cols="8"
          >
            <v-select
              color="teal"
              dark=""
              filled=""
              hint="Select the icons category in order to build up your pass"
              item-color="teal"
              items="buildings,astronomy,alphabet,animals,automative"
              label="icon category"
              persistent-hint=""
              required=""
              value="buildings"
            />
          </v-col>
        </v-row>
         
        <v-row
          class="hidden"
        >
          <v-col
            class="ga__signup_icon_view__icons_title"
            cols="12"
          >
            <div
              class="grey--text text--darken-1"
            >
              
                Choose icons for your
                
              <span
                class="text-overline font-weight-light white--text ga__signup_icon_view__icons_title__pass"
              >
                IPASS
              </span>
            </div>
             
            <!---->
             
            <!---->
          </v-col>
        </v-row>
         
        <v-row
          class="ga__signup_icon_view__icons_row hidden"
        >
          <v-col
            class="ga__signup_icon_view__icon"
            cols="2"
          >
            <div
              class="ga__signup_icon_view__icon__content"
            >
              <!---->
            </div>
          </v-col>
          <v-col
            class="ga__signup_icon_view__icon"
            cols="2"
          >
            <div
              class="ga__signup_icon_view__icon__content"
            >
              <!---->
            </div>
          </v-col>
          <v-col
            class="ga__signup_icon_view__icon"
            cols="2"
          >
            <div
              class="ga__signup_icon_view__icon__content"
            >
              <!---->
            </div>
          </v-col>
          <v-col
            class="ga__signup_icon_view__icon"
            cols="2"
          >
            <div
              class="ga__signup_icon_view__icon__content"
            >
              <!---->
            </div>
          </v-col>
          <v-col
            class="ga__signup_icon_view__icon"
            cols="2"
          >
            <div
              class="ga__signup_icon_view__icon__content"
            >
              <!---->
            </div>
          </v-col>
          <v-col
            class="ga__signup_icon_view__icon"
            cols="2"
          >
            <div
              class="ga__signup_icon_view__icon__content"
            >
              <!---->
            </div>
          </v-col>
        </v-row>
      </v-form>
    </v-col>
     
    <v-col
      class="ga__signup_icon_view__icons"
      cols="12"
      lg="6"
    >
      <v-row
        class="ga__signup_icon_view__icons__row"
      >
        <v-col
          align-self="center"
          cols="3"
        >
          <div
            class="ga__signup_icon_view__icon_wrapper"
          >
            <fa-icon
              color="white"
              icon="fa-solid fa-archway"
              size="2x"
            />
          </div>
        </v-col>
        <v-col
          align-self="center"
          cols="3"
        >
          <div
            class="ga__signup_icon_view__icon_wrapper"
          >
            <fa-icon
              color="white"
              icon="fa-solid fa-building"
              size="2x"
            />
          </div>
        </v-col>
        <v-col
          align-self="center"
          cols="3"
        >
          <div
            class="ga__signup_icon_view__icon_wrapper"
          >
            <fa-icon
              color="white"
              icon="fa-solid fa-building-columns"
              size="2x"
            />
          </div>
        </v-col>
        <v-col
          align-self="center"
          cols="3"
        >
          <div
            class="ga__signup_icon_view__icon_wrapper"
          >
            <fa-icon
              color="white"
              icon="fa-solid fa-campground"
              size="2x"
            />
          </div>
        </v-col>
        <v-col
          align-self="center"
          cols="3"
        >
          <div
            class="ga__signup_icon_view__icon_wrapper"
          >
            <fa-icon
              color="white"
              icon="fa-solid fa-church"
              size="2x"
            />
          </div>
        </v-col>
        <v-col
          align-self="center"
          cols="3"
        >
          <div
            class="ga__signup_icon_view__icon_wrapper"
          >
            <fa-icon
              color="white"
              icon="fa-solid fa-city"
              size="2x"
            />
          </div>
        </v-col>
        <v-col
          align-self="center"
          cols="3"
        >
          <div
            class="ga__signup_icon_view__icon_wrapper"
          >
            <fa-icon
              color="white"
              icon="fa-solid fa-dungeon"
              size="2x"
            />
          </div>
        </v-col>
        <v-col
          align-self="center"
          cols="3"
        >
          <div
            class="ga__signup_icon_view__icon_wrapper"
          >
            <fa-icon
              color="white"
              icon="fa-solid fa-hospital"
              size="2x"
            />
          </div>
        </v-col>
        <v-col
          align-self="center"
          cols="3"
        >
          <div
            class="ga__signup_icon_view__icon_wrapper"
          >
            <fa-icon
              color="white"
              icon="fa-solid fa-house"
              size="2x"
            />
          </div>
        </v-col>
        <v-col
          align-self="center"
          cols="3"
        >
          <div
            class="ga__signup_icon_view__icon_wrapper"
          >
            <fa-icon
              color="white"
              icon="fa-solid fa-igloo"
              size="2x"
            />
          </div>
        </v-col>
        <v-col
          align-self="center"
          cols="3"
        >
          <div
            class="ga__signup_icon_view__icon_wrapper"
          >
            <fa-icon
              color="white"
              icon="fa-solid fa-shop"
              size="2x"
            />
          </div>
        </v-col>
        <v-col
          align-self="center"
          cols="3"
        >
          <div
            class="ga__signup_icon_view__icon_wrapper"
          >
            <fa-icon
              color="white"
              icon="fa-solid fa-vihara"
              size="2x"
            />
          </div>
        </v-col>
      </v-row>
    </v-col>
  </v-row>
   
  <div
    class="ga__signup_icon_view__logo_container"
  >
    <div
      class="ga__signup_icon_view__logo"
    />
  </div>
   
  <v-snackbar>
    
      Invalid username!
      
  </v-snackbar>
</div>
`;
